[07:32:58] started
[07:32:58] segmentation backend=color_threshold, device=none
[07:32:58] found 10 classes
[07:32:58] processing class 1/10: colorful/10
[07:32:58] colorful/10/train: 1/6 IMG_0283.JPG
[07:33:23] started
[07:33:23] segmentation backend=color_threshold, device=none
[07:33:23] found 10 classes
[07:33:23] processing class 1/10: colorful/10
[07:33:23] colorful/10/train: 1/6 IMG_0283.JPG
[07:33:46] colorful/10/train: 2/6 IMG_0279.JPG
[07:34:08] colorful/10/train: 3/6 IMG_0278.JPG
[07:34:28] colorful/10/train: 4/6 IMG_0284.JPG
[07:34:49] colorful/10/train: 5/6 IMG_0281.JPG
[07:34:50] started
[07:34:50] segmentation backend=color_threshold, device=none
[07:34:50] found 10 classes
[07:34:50] processing class 1/10: colorful/10
[07:34:50] colorful/10/train: 1/6 IMG_0283.JPG
[07:35:13] colorful/10/train: 6/6 IMG_0282.JPG
[07:35:13] colorful/10/train: 2/6 IMG_0279.JPG
[07:35:36] colorful/10/train: 3/6 IMG_0278.JPG
[07:35:36] colorful/10/test: 1/4 IMG_0285.JPG
[07:36:01] colorful/10/train: 4/6 IMG_0284.JPG
[07:36:03] colorful/10/test: 2/4 IMG_0280.JPG
[07:36:27] colorful/10/train: 5/6 IMG_0281.JPG
[07:36:28] colorful/10/test: 3/4 IMG_0276.JPG
[07:36:50] colorful/10/train: 6/6 IMG_0282.JPG
[07:36:51] colorful/10/test: 4/4 IMG_0277.JPG
[07:37:16] colorful/10/test: 1/4 IMG_0285.JPG
[07:37:17] processing class 2/10: colorful/11
[07:37:17] colorful/11/train: 1/6 IMG_0348.JPG
[07:37:43] colorful/10/test: 2/4 IMG_0280.JPG
[07:37:43] colorful/11/train: 2/6 IMG_0344.JPG
Terminated
ERROR conda.cli.main_run:execute(127): `conda run python hf_color_recognition.py --dataset_root cotton_image --color_db color_dataset.json --segmentation_backend color_threshold --max_size 0 --only_group colorful --allow_classical_fallback --output_json out/debug_color_threshold_colorful_all.json --mask_debug_dir out/debug_masks_color_threshold_colorful_all --overlay_debug_dir out/debug_overlays_color_threshold_colorful_all` failed. (See above for error)
[07:38:08] colorful/11/train: 3/6 IMG_0343.JPG
Terminated
ERROR conda.cli.main_run:execute(127): `conda run python hf_color_recognition.py --dataset_root cotton_image --color_db color_dataset.json --segmentation_backend color_threshold --max_size 0 --only_group colorful --allow_classical_fallback --output_json out/debug_color_threshold_colorful_all.json --mask_debug_dir out/debug_masks_color_threshold_colorful_all --overlay_debug_dir out/debug_overlays_color_threshold_colorful_all` failed. (See above for error)
