nohup: ignoring input
[10:17:29] 程序启动
[10:17:29] 参数: dataset_root=cotton_image/, color_db=color_dataset.json, output_json=cotton_color_results.json, seed=42, train_n=6
[10:17:29] ========== 开始整体处理 ==========
[10:17:29] 开始加载颜色库: color_dataset.json
[10:17:29] 颜色库原始条目数: 2625
[10:17:29] 颜色库加载中: 500/2625
[10:17:29] 颜色库加载中: 1000/2625
[10:17:29] 颜色库加载中: 1500/2625
[10:17:29] 颜色库加载中: 2000/2625
[10:17:29] 颜色库加载中: 2500/2625
[10:17:29] 颜色库加载完成，可用条目数: 2625
[10:17:29] 开始扫描数据集目录: /root/code/cotten_identify/cotton_image
[10:17:29] 发现数据集分组: gray，子目录数: 6
[10:17:29]   类别 gray/1: 10 张图
[10:17:29]   类别 gray/2: 10 张图
[10:17:29]   类别 gray/3: 10 张图
[10:17:29]   类别 gray/4: 10 张图
[10:17:29]   类别 gray/5: 10 张图
[10:17:29]   类别 gray/6: 10 张图
[10:17:29] 发现数据集分组: colorful，子目录数: 10
[10:17:29]   类别 colorful/10: 10 张图
[10:17:29]   类别 colorful/11: 10 张图
[10:17:29]   类别 colorful/12: 10 张图
[10:17:29]   类别 colorful/13: 10 张图
[10:17:29]   类别 colorful/14: 10 张图
[10:17:29]   类别 colorful/15: 10 张图
[10:17:29]   类别 colorful/16: 10 张图
[10:17:29]   类别 colorful/7: 10 张图
[10:17:29]   类别 colorful/8: 10 张图
[10:17:29]   类别 colorful/9: 10 张图
[10:17:29] 数据集扫描完成: 共 16 个类别，160 张图片
[10:17:29] 待处理类别总数: 16
[10:17:29] 开始处理数据分组: gray，共 6 个类别
[10:17:29] ======== 类别开始 [1/16] gray/1，原始图像数: 10 ========
[10:17:29] gray/1 划分完成: train=6 张, test=4 张
[10:17:29] 开始处理 gray/1 [train]，共 6 张
[10:17:29]   [gray/1][train] 第 1/6 张: IMG_0243.JPG
[10:17:37]   [gray/1][train] 完成 1/6: mask_area_ratio=0.7576, dominant_lab=[87.1977, -1.0263, 0.7349]
[10:17:37]   [gray/1][train] 第 2/6 张: IMG_0239.JPG
[10:17:45]   [gray/1][train] 完成 2/6: mask_area_ratio=0.804497, dominant_lab=[84.6523, -1.0247, 0.7355]
[10:17:45]   [gray/1][train] 第 3/6 张: IMG_0238.JPG
[10:17:53]   [gray/1][train] 完成 3/6: mask_area_ratio=0.863442, dominant_lab=[72.6482, -1.8225, 2.9533]
[10:17:53]   [gray/1][train] 第 4/6 张: IMG_0244.JPG
[10:18:01]   [gray/1][train] 完成 4/6: mask_area_ratio=0.761602, dominant_lab=[83.1783, -1.0314, 0.7476]
[10:18:01]   [gray/1][train] 第 5/6 张: IMG_0241.JPG
[10:18:09]   [gray/1][train] 完成 5/6: mask_area_ratio=0.491298, dominant_lab=[89.7995, -0.0, 0.0]
[10:18:09]   [gray/1][train] 第 6/6 张: IMG_0242.JPG
[10:18:17]   [gray/1][train] 完成 6/6: mask_area_ratio=0.683582, dominant_lab=[87.2004, -0.67, -0.2358]
[10:18:17] 完成 gray/1 [train] 汇总: consistency=12.2857, prototype_lab=[85.925, -1.0255, 0.7352]
[10:18:17] 开始处理 gray/1 [test]，共 4 张
[10:18:17]   [gray/1][test] 第 1/4 张: IMG_0245.JPG
[10:18:25]   [gray/1][test] 完成 1/4: mask_area_ratio=0.853475, dominant_lab=[78.6286, -2.1895, 4.2965]
[10:18:25]   [gray/1][test] 第 2/4 张: IMG_0240.JPG
[10:18:34]   [gray/1][test] 完成 2/4: mask_area_ratio=0.855705, dominant_lab=[78.4181, -1.0821, 1.7413]
[10:18:34]   [gray/1][test] 第 3/4 张: IMG_0236.JPG
[10:18:42]   [gray/1][test] 完成 3/4: mask_area_ratio=0.419945, dominant_lab=[89.9427, -0.3592, -0.3507]
[10:18:42]   [gray/1][test] 第 4/4 张: IMG_0237.JPG
[10:18:50]   [gray/1][test] 完成 4/4: mask_area_ratio=0.316542, dominant_lab=[90.1176, -0.0, 0.0]
[10:18:50] 完成 gray/1 [test] 汇总: consistency=9.002, prototype_lab=[84.2857, -0.7207, 0.8707]
[10:18:50] ======== 类别完成 gray/1: train_consistency=12.2857, test_consistency=9.002, prototype_gap=1.169 ========
[10:18:50] ======== 类别开始 [2/16] gray/2，原始图像数: 10 ========
[10:18:50] gray/2 划分完成: train=6 张, test=4 张
[10:18:50] 开始处理 gray/2 [train]，共 6 张
[10:18:50]   [gray/2][train] 第 1/6 张: IMG_0253.JPG
[10:18:59]   [gray/2][train] 完成 1/6: mask_area_ratio=0.662473, dominant_lab=[84.5156, -1.1891, 0.2522]
[10:18:59]   [gray/2][train] 第 2/6 张: IMG_0249.JPG
[10:19:07]   [gray/2][train] 完成 2/6: mask_area_ratio=0.682204, dominant_lab=[73.836, -1.3624, 1.0373]
[10:19:07]   [gray/2][train] 第 3/6 张: IMG_0248.JPG
[10:19:16]   [gray/2][train] 完成 3/6: mask_area_ratio=0.754518, dominant_lab=[81.7582, -0.18, 0.2522]
[10:19:16]   [gray/2][train] 第 4/6 张: IMG_0254.JPG
[10:19:23]   [gray/2][train] 完成 4/6: mask_area_ratio=0.628082, dominant_lab=[86.8574, -1.1901, 0.2522]
[10:19:23]   [gray/2][train] 第 5/6 张: IMG_0251.JPG
[10:19:32]   [gray/2][train] 完成 5/6: mask_area_ratio=0.744504, dominant_lab=[84.256, -0.5228, 0.3698]
[10:19:32]   [gray/2][train] 第 6/6 张: IMG_0252.JPG
[10:19:41]   [gray/2][train] 完成 6/6: mask_area_ratio=0.809701, dominant_lab=[79.6707, -1.2014, 0.2546]
[10:19:41] 完成 gray/2 [train] 汇总: consistency=9.0123, prototype_lab=[83.0071, -1.1896, 0.2534]
[10:19:41] 开始处理 gray/2 [test]，共 4 张
[10:19:41]   [gray/2][test] 第 1/4 张: IMG_0255.JPG
[10:19:49]   [gray/2][test] 完成 1/4: mask_area_ratio=0.448252, dominant_lab=[89.4237, -1.3602, 0.5006]
[10:19:49]   [gray/2][test] 第 2/4 张: IMG_0250.JPG
[10:19:58]   [gray/2][test] 完成 2/4: mask_area_ratio=0.702404, dominant_lab=[79.8972, -1.1911, 0.2537]
[10:19:58]   [gray/2][test] 第 3/4 张: IMG_0246.JPG
[10:20:06]   [gray/2][test] 完成 3/4: mask_area_ratio=0.68641, dominant_lab=[84.0559, -0.8803, 0.2515]
[10:20:06]   [gray/2][test] 第 4/4 张: IMG_0247.JPG
[10:20:15]   [gray/2][test] 完成 4/4: mask_area_ratio=0.540608, dominant_lab=[90.4836, -0.3378, -0.1188]
[10:20:15] 完成 gray/2 [test] 汇总: consistency=7.0632, prototype_lab=[86.7398, -1.0357, 0.2526]
[10:20:15] ======== 类别完成 gray/2: train_consistency=9.0123, test_consistency=7.0632, prototype_gap=2.4669 ========
[10:20:15] ======== 类别开始 [3/16] gray/3，原始图像数: 10 ========
[10:20:15] gray/3 划分完成: train=6 张, test=4 张
[10:20:15] 开始处理 gray/3 [train]，共 6 张
[10:20:15]   [gray/3][train] 第 1/6 张: IMG_0263.JPG
[10:20:24]   [gray/3][train] 完成 1/6: mask_area_ratio=0.717183, dominant_lab=[85.3554, -0.5115, 0.3671]
[10:20:24]   [gray/3][train] 第 2/6 张: IMG_0259.JPG
[10:20:32]   [gray/3][train] 完成 2/6: mask_area_ratio=0.75582, dominant_lab=[62.7981, -0.6065, 0.1185]
[10:20:32]   [gray/3][train] 第 3/6 张: IMG_0258.JPG
[10:20:41]   [gray/3][train] 完成 3/6: mask_area_ratio=0.725055, dominant_lab=[89.6177, -0.1794, 0.2498]
[10:20:41]   [gray/3][train] 第 4/6 张: IMG_0264.JPG
[10:20:50]   [gray/3][train] 完成 4/6: mask_area_ratio=0.595857, dominant_lab=[72.7714, -0.9056, 0.4873]
[10:20:50]   [gray/3][train] 第 5/6 张: IMG_0261.JPG
[10:20:59]   [gray/3][train] 完成 5/6: mask_area_ratio=0.740018, dominant_lab=[58.8229, -0.6897, 0.3686]
[10:20:59]   [gray/3][train] 第 6/6 张: IMG_0262.JPG
[10:21:07]   [gray/3][train] 完成 6/6: mask_area_ratio=0.66642, dominant_lab=[67.4592, -0.864, 0.0]
[10:21:07] 完成 gray/3 [train] 汇总: consistency=22.7013, prototype_lab=[70.1153, -0.6481, 0.3085]
[10:21:07] 开始处理 gray/3 [test]，共 4 张
[10:21:07]   [gray/3][test] 第 1/4 张: IMG_0265.JPG
[10:21:15]   [gray/3][test] 完成 1/4: mask_area_ratio=0.465615, dominant_lab=[90.2094, 0.1606, 0.3656]
[10:21:15]   [gray/3][test] 第 2/4 张: IMG_0260.JPG
[10:21:22]   [gray/3][test] 完成 2/4: mask_area_ratio=0.304342, dominant_lab=[91.7508, -0.8446, 0.2492]
[10:21:22]   [gray/3][test] 第 3/4 张: IMG_0256.JPG
[10:21:30]   [gray/3][test] 完成 3/4: mask_area_ratio=0.591735, dominant_lab=[75.7921, -0.8529, 0.2504]
[10:21:30]   [gray/3][test] 第 4/4 张: IMG_0257.JPG
[10:21:39]   [gray/3][test] 完成 4/4: mask_area_ratio=0.662027, dominant_lab=[67.8428, -0.6903, 0.0174]
[10:21:39] 完成 gray/3 [test] 汇总: consistency=16.5827, prototype_lab=[83.0008, -0.7674, 0.2498]
[10:21:39] ======== 类别完成 gray/3: train_consistency=22.7013, test_consistency=16.5827, prototype_gap=9.253 ========
[10:21:39] ======== 类别开始 [4/16] gray/4，原始图像数: 10 ========
[10:21:39] gray/4 划分完成: train=6 张, test=4 张
[10:21:39] 开始处理 gray/4 [train]，共 6 张
[10:21:39]   [gray/4][train] 第 1/6 张: IMG_0273.JPG
[10:21:47]   [gray/4][train] 完成 1/6: mask_area_ratio=0.648816, dominant_lab=[88.1426, -0.5123, 0.368]
[10:21:47]   [gray/4][train] 第 2/6 张: IMG_0269.JPG
[10:21:56]   [gray/4][train] 完成 2/6: mask_area_ratio=0.323498, dominant_lab=[14.7522, -0.0, -1.8618]
[10:21:56]   [gray/4][train] 第 3/6 张: IMG_0268.JPG
[10:22:04]   [gray/4][train] 完成 3/6: mask_area_ratio=0.40407, dominant_lab=[91.7417, -0.1771, 0.2488]
[10:22:04]   [gray/4][train] 第 4/6 张: IMG_0274.JPG
[10:22:13]   [gray/4][train] 完成 4/6: mask_area_ratio=0.61135, dominant_lab=[81.507, -0.1783, 0.1488]
[10:22:13]   [gray/4][train] 第 5/6 张: IMG_0271.JPG
